// Jest Snapshot v1, https://goo.gl/fbAQLP

exports[`NavigationMenu should Match Snapshot 1`] = `
<div>
  <header
    class="MuiPaper-root MuiPaper-elevation MuiPaper-elevation4 MuiAppBar-root MuiAppBar-colorPrimary MuiAppBar-positionStatic css-hip9hq-MuiPaper-root-MuiAppBar-root"
  >
    <div
      class="MuiContainer-root MuiContainer-maxWidthXl css-19r6kue-MuiContainer-root"
    >
      <div
        class="MuiToolbar-root MuiToolbar-regular css-r6ewbb-MuiToolbar-root"
      >
        <svg
          aria-hidden="true"
          class="MuiSvgIcon-root MuiSvgIcon-fontSizeMedium css-1uzrjc8-MuiSvgIcon-root"
          data-testid="AssignmentIcon"
          focusable="false"
          viewBox="0 0 24 24"
        >
          <path
            d="M19 3h-4.18C14.4 1.84 13.3 1 12 1c-1.3 0-2.4.84-2.82 2H5c-1.1 0-2 .9-2 2v14c0 1.1.9 2 2 2h14c1.1 0 2-.9 2-2V5c0-1.1-.9-2-2-2m-7 0c.55 0 1 .45 1 1s-.45 1-1 1-1-.45-1-1 .45-1 1-1m2 14H7v-2h7zm3-4H7v-2h10zm0-4H7V7h10z"
          />
        </svg>
        <a
          class="MuiTypography-root MuiTypography-h6 MuiTypography-noWrap css-m5x0z-MuiTypography-root"
          href="#app-bar-with-responsive-menu"
        >
          RAM TASK MANAGER
        </a>
        <div
          class="MuiBox-root css-1lvtzne"
        >
          <button
            aria-controls="menu-appbar"
            aria-haspopup="true"
            aria-label="account of current user"
            class="MuiButtonBase-root MuiIconButton-root MuiIconButton-colorInherit MuiIconButton-sizeLarge css-1pz7awu-MuiButtonBase-root-MuiIconButton-root"
            tabindex="0"
            type="button"
          >
            <svg
              aria-hidden="true"
              class="MuiSvgIcon-root MuiSvgIcon-fontSizeMedium css-i4bv87-MuiSvgIcon-root"
              data-testid="AssignmentIcon"
              focusable="false"
              viewBox="0 0 24 24"
            >
              <path
                d="M19 3h-4.18C14.4 1.84 13.3 1 12 1c-1.3 0-2.4.84-2.82 2H5c-1.1 0-2 .9-2 2v14c0 1.1.9 2 2 2h14c1.1 0 2-.9 2-2V5c0-1.1-.9-2-2-2m-7 0c.55 0 1 .45 1 1s-.45 1-1 1-1-.45-1-1 .45-1 1-1m2 14H7v-2h7zm3-4H7v-2h10zm0-4H7V7h10z"
              />
            </svg>
            <span
              class="MuiTouchRipple-root css-8je8zh-MuiTouchRipple-root"
            />
          </button>
        </div>
        <a
          class="MuiTypography-root MuiTypography-h5 MuiTypography-noWrap css-1lfs2tq-MuiTypography-root"
          href="#app-bar-with-responsive-menu"
        >
          RAM TASK MANAGER
        </a>
      </div>
    </div>
  </header>
</div>
`;
