// Jest Snapshot v1, https://goo.gl/fbAQLP

exports[`SelectInput should Match Snapshot 1`] = `<div />`;
